<html>
<body>
<pre>
<h1>礦ision Build Log</h1>
<h2>Tool Versions:</h2>
IDE-Version: μVision V5.22.0.0
Copyright (C) 2016 ARM Ltd and ARM Germany GmbH. All rights reserved.
License Information: 321eq Administrator, eqwe22, LIC=LJWMM-X9QUW-EZ1WX-HJS0U-KPD1Z-S1ZW8
 
Tool Versions:
Toolchain:       MDK-ARM Professional  Version: 5.22
Toolchain Path:  D:\Keil5\ARM\ARMCC\Bin
C Compiler:      Armcc.exe V5.06 update 4 (build 422)
Assembler:       Armasm.exe V5.06 update 4 (build 422)
Linker/Locator:  ArmLink.exe V5.06 update 4 (build 422)
Library Manager: ArmAr.exe V5.06 update 4 (build 422)
Hex Converter:   FromElf.exe V5.06 update 4 (build 422)
CPU DLL:         SARMCM3.DLL V5.22
Dialog DLL:      DCM.DLL V1.13.9.0
Target DLL:      Segger\JL2CM3.dll V2.99.23.0
Dialog DLL:      TCM.DLL V1.21.0.0
 
<h2>Project:</h2>
E:\Stm32_Program design\stm32f4xx_IAP_Program\实验50 串口IAP实验\实验56 UCOSII实验1-1-任务调度\USER\UCOS-1.uvprojx
Project File Date:  02/24/2021

<h2>Output:</h2>
*** Using Compiler 'V5.06 update 4 (build 422)', folder: 'D:\Keil5\ARM\ARMCC\Bin'
Build target 'UCOS-1'
compiling main.c...
linking...
Program Size: Code=16706 RO-data=682 RW-data=120 ZI-data=5800  
FromELF: creating hex file...
After Build - User command #1: D:\Keil5\ARM\ARMCC\bin\fromelf.exe  --bin -o  ..\OBJ\UCOS-1.bin ..\OBJ\UCOS-1.axf
"..\OBJ\UCOS-1.axf" - 0 Error(s), 0 Warning(s).

<h2>Collection of Component include folders:</h2>
  E:\Stm32_Program design\stm32f4xx_IAP_Program\实验50 串口IAP实验\实验56 UCOSII实验1-1-任务调度\USER\RTE\_UCOS-1
  D:\Keil5\ARM\PACK\Keil\STM32F4xx_DFP\2.9.0\Drivers\CMSIS\Device\ST\STM32F4xx\Include

<h2>Collection of Component Files used:</h2>
Build Time Elapsed:  00:00:02
</pre>
</body>
</html>
